2026-01-14T14:23:04.8119732Z Current runner version: '2.330.0'
2026-01-14T14:23:04.8165022Z ##[group]Runner Image Provisioner
2026-01-14T14:23:04.8166459Z Hosted Compute Agent
2026-01-14T14:23:04.8167393Z Version: 20251211.462
2026-01-14T14:23:04.8168425Z Commit: 6cbad8c2bb55d58165063d031ccabf57e2d2db61
2026-01-14T14:23:04.8181307Z Build Date: 2025-12-11T16:28:49Z
2026-01-14T14:23:04.8182864Z Worker ID: {8b2fd4d1-e042-435c-92dc-53c34f19c30d}
2026-01-14T14:23:04.8184175Z ##[endgroup]
2026-01-14T14:23:04.8185220Z ##[group]Operating System
2026-01-14T14:23:04.8186209Z Ubuntu
2026-01-14T14:23:04.8186994Z 24.04.3
2026-01-14T14:23:04.8187925Z LTS
2026-01-14T14:23:04.8188707Z ##[endgroup]
2026-01-14T14:23:04.8190015Z ##[group]Runner Image
2026-01-14T14:23:04.8191008Z Image: ubuntu-24.04
2026-01-14T14:23:04.8191957Z Version: 20260105.202.1
2026-01-14T14:23:04.8193804Z Included Software: https://github.com/actions/runner-images/blob/ubuntu24/20260105.202/images/ubuntu/Ubuntu2404-Readme.md
2026-01-14T14:23:04.8196726Z Image Release: https://github.com/actions/runner-images/releases/tag/ubuntu24%2F20260105.202
2026-01-14T14:23:04.8198524Z ##[endgroup]
2026-01-14T14:23:04.8200488Z ##[group]GITHUB_TOKEN Permissions
2026-01-14T14:23:04.8203139Z Contents: read
2026-01-14T14:23:04.8204395Z Metadata: read
2026-01-14T14:23:04.8205199Z ##[endgroup]
2026-01-14T14:23:04.8208010Z Secret source: Actions
2026-01-14T14:23:04.8209624Z Prepare workflow directory
2026-01-14T14:23:04.9160388Z Prepare all required actions
2026-01-14T14:23:04.9256824Z Getting action download info
2026-01-14T14:23:05.3415098Z Download action repository 'actions/checkout@v4' (SHA:34e114876b0b11c390a56381ad16ebd13914f8d5)
2026-01-14T14:23:05.4351069Z Download action repository 'docker/setup-buildx-action@v3' (SHA:8d2750c68a42422c14e847fe6c8ac0403b4cbd6f)
2026-01-14T14:23:05.7523219Z Download action repository 'google-github-actions/auth@v2' (SHA:c200f3691d83b41bf9bbd8638997a462592937ed)
2026-01-14T14:23:06.0128716Z Download action repository 'google-github-actions/setup-gcloud@v2' (SHA:e427ad8a34f8676edf47cf7d7925499adf3eb74f)
2026-01-14T14:23:06.3294564Z Complete job name: deploy
2026-01-14T14:23:06.4007463Z ##[group]Run actions/checkout@v4
2026-01-14T14:23:06.4008458Z with:
2026-01-14T14:23:06.4009004Z   repository: BonkBotTeam/trenchbench-api
2026-01-14T14:23:06.4010255Z   token: ***
2026-01-14T14:23:06.4010765Z   ssh-strict: true
2026-01-14T14:23:06.4011299Z   ssh-user: git
2026-01-14T14:23:06.4011750Z   persist-credentials: true
2026-01-14T14:23:06.4012326Z   clean: true
2026-01-14T14:23:06.4012788Z   sparse-checkout-cone-mode: true
2026-01-14T14:23:06.4013351Z   fetch-depth: 1
2026-01-14T14:23:06.4013767Z   fetch-tags: false
2026-01-14T14:23:06.4014323Z   show-progress: true
2026-01-14T14:23:06.4014806Z   lfs: false
2026-01-14T14:23:06.4015252Z   submodules: false
2026-01-14T14:23:06.4015804Z   set-safe-directory: true
2026-01-14T14:23:06.4016722Z env:
2026-01-14T14:23:06.4017204Z   GCP_PROJECT_ID: bonkbotbeta
2026-01-14T14:23:06.4017817Z   GCP_REGION: europe-west3
2026-01-14T14:23:06.4018422Z   SERVICE_NAME: trenchbench-api
2026-01-14T14:23:06.4019312Z   ARTIFACT_REGISTRY: europe-west4-docker.pkg.dev
2026-01-14T14:23:06.4020253Z   ARTIFACT_REGISTRY_FULL_PATH: europe-west4-docker.pkg.dev/bonkbotbeta/trenchbench-api/server
2026-01-14T14:23:06.4021352Z   WIF_SERVICE_ACCOUNT: bonkbot-github-actions@bonkbotbeta.iam.gserviceaccount.com
2026-01-14T14:23:06.4022673Z   WIF_PROVIDER: projects/1034486134720/locations/global/workloadIdentityPools/github-actions-auth-pool/providers/github
2026-01-14T14:23:06.4023759Z ##[endgroup]
2026-01-14T14:23:06.5172939Z Syncing repository: BonkBotTeam/trenchbench-api
2026-01-14T14:23:06.5176149Z ##[group]Getting Git version info
2026-01-14T14:23:06.5177564Z Working directory is '/home/runner/work/trenchbench-api/trenchbench-api'
2026-01-14T14:23:06.5180031Z [command]/usr/bin/git version
2026-01-14T14:23:06.5241619Z git version 2.52.0
2026-01-14T14:23:06.5273297Z ##[endgroup]
2026-01-14T14:23:06.5299530Z Temporarily overriding HOME='/home/runner/work/_temp/fa69a27f-2a8e-4158-b918-9f89417fad77' before making global git config changes
2026-01-14T14:23:06.5303856Z Adding repository directory to the temporary git global config as a safe directory
2026-01-14T14:23:06.5307602Z [command]/usr/bin/git config --global --add safe.directory /home/runner/work/trenchbench-api/trenchbench-api
2026-01-14T14:23:06.5348841Z Deleting the contents of '/home/runner/work/trenchbench-api/trenchbench-api'
2026-01-14T14:23:06.5353703Z ##[group]Initializing the repository
2026-01-14T14:23:06.5358922Z [command]/usr/bin/git init /home/runner/work/trenchbench-api/trenchbench-api
2026-01-14T14:23:06.5458760Z hint: Using 'master' as the name for the initial branch. This default branch name
2026-01-14T14:23:06.5462611Z hint: will change to "main" in Git 3.0. To configure the initial branch name
2026-01-14T14:23:06.5464358Z hint: to use in all of your new repositories, which will suppress this warning,
2026-01-14T14:23:06.5465669Z hint: call:
2026-01-14T14:23:06.5466626Z hint:
2026-01-14T14:23:06.5467654Z hint:     git config --global init.defaultBranch <name>
2026-01-14T14:23:06.5468939Z hint:
2026-01-14T14:23:06.5470473Z hint: Names commonly chosen instead of 'master' are 'main', 'trunk' and
2026-01-14T14:23:06.5472246Z hint: 'development'. The just-created branch can be renamed via this command:
2026-01-14T14:23:06.5473672Z hint:
2026-01-14T14:23:06.5474493Z hint:     git branch -m <name>
2026-01-14T14:23:06.5475472Z hint:
2026-01-14T14:23:06.5476955Z hint: Disable this message with "git config set advice.defaultBranchName false"
2026-01-14T14:23:06.5480256Z Initialized empty Git repository in /home/runner/work/trenchbench-api/trenchbench-api/.git/
2026-01-14T14:23:06.5484956Z [command]/usr/bin/git remote add origin https://github.com/BonkBotTeam/trenchbench-api
2026-01-14T14:23:06.5519487Z ##[endgroup]
2026-01-14T14:23:06.5522812Z ##[group]Disabling automatic garbage collection
2026-01-14T14:23:06.5524744Z [command]/usr/bin/git config --local gc.auto 0
2026-01-14T14:23:06.5559831Z ##[endgroup]
2026-01-14T14:23:06.5562761Z ##[group]Setting up auth
2026-01-14T14:23:06.5566881Z [command]/usr/bin/git config --local --name-only --get-regexp core\.sshCommand
2026-01-14T14:23:06.5602084Z [command]/usr/bin/git submodule foreach --recursive sh -c "git config --local --name-only --get-regexp 'core\.sshCommand' && git config --local --unset-all 'core.sshCommand' || :"
2026-01-14T14:23:06.5952403Z [command]/usr/bin/git config --local --name-only --get-regexp http\.https\:\/\/github\.com\/\.extraheader
2026-01-14T14:23:06.5986710Z [command]/usr/bin/git submodule foreach --recursive sh -c "git config --local --name-only --get-regexp 'http\.https\:\/\/github\.com\/\.extraheader' && git config --local --unset-all 'http.https://github.com/.extraheader' || :"
2026-01-14T14:23:06.6227731Z [command]/usr/bin/git config --local --name-only --get-regexp ^includeIf\.gitdir:
2026-01-14T14:23:06.6260349Z [command]/usr/bin/git submodule foreach --recursive git config --local --show-origin --name-only --get-regexp remote.origin.url
2026-01-14T14:23:06.6497731Z [command]/usr/bin/git config --local http.https://github.com/.extraheader AUTHORIZATION: basic ***
2026-01-14T14:23:06.6535597Z ##[endgroup]
2026-01-14T14:23:06.6538919Z ##[group]Fetching the repository
2026-01-14T14:23:06.6546400Z [command]/usr/bin/git -c protocol.version=2 fetch --no-tags --prune --no-recurse-submodules --depth=1 origin +a9250cd0646c255c982d4144a039703d6d5277cc:refs/remotes/origin/main
2026-01-14T14:23:06.8997290Z From https://github.com/BonkBotTeam/trenchbench-api
2026-01-14T14:23:06.8999776Z  * [new ref]         a9250cd0646c255c982d4144a039703d6d5277cc -> origin/main
2026-01-14T14:23:06.9004265Z ##[endgroup]
2026-01-14T14:23:06.9007580Z ##[group]Determining the checkout info
2026-01-14T14:23:06.9010230Z ##[endgroup]
2026-01-14T14:23:06.9011778Z [command]/usr/bin/git sparse-checkout disable
2026-01-14T14:23:06.9015899Z [command]/usr/bin/git config --local --unset-all extensions.worktreeConfig
2026-01-14T14:23:06.9103623Z ##[group]Checking out the ref
2026-01-14T14:23:06.9106353Z [command]/usr/bin/git checkout --progress --force -B main refs/remotes/origin/main
2026-01-14T14:23:06.9139018Z Switched to a new branch 'main'
2026-01-14T14:23:06.9143562Z branch 'main' set up to track 'origin/main'.
2026-01-14T14:23:06.9155534Z ##[endgroup]
2026-01-14T14:23:06.9220090Z [command]/usr/bin/git log -1 --format=%H
2026-01-14T14:23:06.9224091Z a9250cd0646c255c982d4144a039703d6d5277cc
2026-01-14T14:23:06.9808241Z ##[group]Run docker/setup-buildx-action@v3
2026-01-14T14:23:06.9810446Z with:
2026-01-14T14:23:06.9811757Z   driver: docker-container
2026-01-14T14:23:06.9813360Z   use: true
2026-01-14T14:23:06.9814677Z   keep-state: false
2026-01-14T14:23:06.9816149Z   cache-binary: true
2026-01-14T14:23:06.9817676Z   cleanup: true
2026-01-14T14:23:06.9819354Z   install: false
2026-01-14T14:23:06.9820697Z env:
2026-01-14T14:23:06.9821986Z   GCP_PROJECT_ID: bonkbotbeta
2026-01-14T14:23:06.9823666Z   GCP_REGION: europe-west3
2026-01-14T14:23:06.9825313Z   SERVICE_NAME: trenchbench-api
2026-01-14T14:23:06.9827263Z   ARTIFACT_REGISTRY: europe-west4-docker.pkg.dev
2026-01-14T14:23:06.9830897Z   ARTIFACT_REGISTRY_FULL_PATH: europe-west4-docker.pkg.dev/bonkbotbeta/trenchbench-api/server
2026-01-14T14:23:06.9835111Z   WIF_SERVICE_ACCOUNT: bonkbot-github-actions@bonkbotbeta.iam.gserviceaccount.com
2026-01-14T14:23:06.9840434Z   WIF_PROVIDER: projects/1034486134720/locations/global/workloadIdentityPools/github-actions-auth-pool/providers/github
2026-01-14T14:23:06.9844343Z ##[endgroup]
2026-01-14T14:23:07.2632727Z ##[group]Docker info
2026-01-14T14:23:07.2663276Z [command]/usr/bin/docker version
2026-01-14T14:23:07.3495998Z Client: Docker Engine - Community
2026-01-14T14:23:07.3504090Z  Version:           28.0.4
2026-01-14T14:23:07.3505578Z  API version:       1.48
2026-01-14T14:23:07.3507020Z  Go version:        go1.23.7
2026-01-14T14:23:07.3516190Z  Git commit:        b8034c0
2026-01-14T14:23:07.3517942Z  Built:             Tue Mar 25 15:07:16 2025
2026-01-14T14:23:07.3520083Z  OS/Arch:           linux/amd64
2026-01-14T14:23:07.3521788Z  Context:           default
2026-01-14T14:23:07.3522782Z 
2026-01-14T14:23:07.3523401Z Server: Docker Engine - Community
2026-01-14T14:23:07.3525053Z  Engine:
2026-01-14T14:23:07.3526220Z   Version:          28.0.4
2026-01-14T14:23:07.3527827Z   API version:      1.48 (minimum version 1.24)
2026-01-14T14:23:07.3550351Z   Go version:       go1.23.7
2026-01-14T14:23:07.3552104Z   Git commit:       6430e49
2026-01-14T14:23:07.3553756Z   Built:            Tue Mar 25 15:07:16 2025
2026-01-14T14:23:07.3555606Z   OS/Arch:          linux/amd64
2026-01-14T14:23:07.3557210Z   Experimental:     false
2026-01-14T14:23:07.3558735Z  containerd:
2026-01-14T14:23:07.3560302Z   Version:          v2.2.1
2026-01-14T14:23:07.3562285Z   GitCommit:        dea7da592f5d1d2b7755e3a161be07f43fad8f75
2026-01-14T14:23:07.3564460Z  runc:
2026-01-14T14:23:07.3565714Z   Version:          1.3.4
2026-01-14T14:23:07.3567215Z   GitCommit:        v1.3.4-0-gd6d73eb8
2026-01-14T14:23:07.3568908Z  docker-init:
2026-01-14T14:23:07.3570568Z   Version:          0.19.0
2026-01-14T14:23:07.3572638Z   GitCommit:        de40ad0
2026-01-14T14:23:07.3592152Z [command]/usr/bin/docker info
2026-01-14T14:23:07.5948099Z Client: Docker Engine - Community
2026-01-14T14:23:07.5950403Z  Version:    28.0.4
2026-01-14T14:23:07.5951742Z  Context:    default
2026-01-14T14:23:07.5953144Z  Debug Mode: false
2026-01-14T14:23:07.5954554Z  Plugins:
2026-01-14T14:23:07.5955893Z   buildx: Docker Buildx (Docker Inc.)
2026-01-14T14:23:07.5957664Z     Version:  v0.30.1
2026-01-14T14:23:07.5959649Z     Path:     /usr/libexec/docker/cli-plugins/docker-buildx
2026-01-14T14:23:07.5961892Z   compose: Docker Compose (Docker Inc.)
2026-01-14T14:23:07.5963687Z     Version:  v2.38.2
2026-01-14T14:23:07.5965571Z     Path:     /usr/libexec/docker/cli-plugins/docker-compose
2026-01-14T14:23:07.5967199Z 
2026-01-14T14:23:07.5967725Z Server:
2026-01-14T14:23:07.5968908Z  Containers: 0
2026-01-14T14:23:07.6001256Z   Running: 0
2026-01-14T14:23:07.6002614Z   Paused: 0
2026-01-14T14:23:07.6004324Z   Stopped: 0
2026-01-14T14:23:07.6005555Z  Images: 0
2026-01-14T14:23:07.6006810Z  Server Version: 28.0.4
2026-01-14T14:23:07.6008205Z  Storage Driver: overlay2
2026-01-14T14:23:07.6010778Z   Backing Filesystem: extfs
2026-01-14T14:23:07.6012409Z   Supports d_type: true
2026-01-14T14:23:07.6014047Z   Using metacopy: false
2026-01-14T14:23:07.6015984Z   Native Overlay Diff: false
2026-01-14T14:23:07.6017624Z   userxattr: false
2026-01-14T14:23:07.6019054Z  Logging Driver: json-file
2026-01-14T14:23:07.6020841Z  Cgroup Driver: systemd
2026-01-14T14:23:07.6022327Z  Cgroup Version: 2
2026-01-14T14:23:07.6023674Z  Plugins:
2026-01-14T14:23:07.6024949Z   Volume: local
2026-01-14T14:23:07.6026448Z   Network: bridge host ipvlan macvlan null overlay
2026-01-14T14:23:07.6031225Z   Log: awslogs fluentd gcplogs gelf journald json-file local splunk syslog
2026-01-14T14:23:07.6033844Z  Swarm: inactive
2026-01-14T14:23:07.6035301Z  Runtimes: io.containerd.runc.v2 runc
2026-01-14T14:23:07.6037149Z  Default Runtime: runc
2026-01-14T14:23:07.6038686Z  Init Binary: docker-init
2026-01-14T14:23:07.6040919Z  containerd version: dea7da592f5d1d2b7755e3a161be07f43fad8f75
2026-01-14T14:23:07.6043338Z  runc version: v1.3.4-0-gd6d73eb8
2026-01-14T14:23:07.6045027Z  init version: de40ad0
2026-01-14T14:23:07.6046417Z  Security Options:
2026-01-14T14:23:07.6047685Z   apparmor
2026-01-14T14:23:07.6048760Z   seccomp
2026-01-14T14:23:07.6050107Z    Profile: builtin
2026-01-14T14:23:07.6051344Z   cgroupns
2026-01-14T14:23:07.6052549Z  Kernel Version: 6.11.0-1018-azure
2026-01-14T14:23:07.6054077Z  Operating System: Ubuntu 24.04.3 LTS
2026-01-14T14:23:07.6055600Z  OSType: linux
2026-01-14T14:23:07.6056770Z  Architecture: x86_64
2026-01-14T14:23:07.6057991Z  CPUs: 2
2026-01-14T14:23:07.6059072Z  Total Memory: 7.758GiB
2026-01-14T14:23:07.6060589Z  Name: runnervmi13qx
2026-01-14T14:23:07.6061960Z  ID: cad06968-cefe-42f1-8413-b84e8b052c72
2026-01-14T14:23:07.6063569Z  Docker Root Dir: /var/lib/docker
2026-01-14T14:23:07.6065149Z  Debug Mode: false
2026-01-14T14:23:07.6066400Z  Username: githubactions
2026-01-14T14:23:07.6067792Z  Experimental: false
2026-01-14T14:23:07.6069379Z  Insecure Registries:
2026-01-14T14:23:07.6075167Z   ::1/128
2026-01-14T14:23:07.6076267Z   127.0.0.0/8
2026-01-14T14:23:07.6077475Z  Live Restore Enabled: false
2026-01-14T14:23:07.6078449Z 
2026-01-14T14:23:07.6080268Z ##[endgroup]
2026-01-14T14:23:07.6660547Z ##[group]Buildx version
2026-01-14T14:23:07.6681328Z [command]/usr/bin/docker buildx version
2026-01-14T14:23:07.7207567Z github.com/docker/buildx v0.30.1 9e66234aa13328a5e75b75aa5574e1ca6d6d9c01
2026-01-14T14:23:07.7237185Z ##[endgroup]
2026-01-14T14:23:07.7412614Z ##[group]Inspecting default docker context
2026-01-14T14:23:07.7557261Z [
2026-01-14T14:23:07.7559023Z   {
2026-01-14T14:23:07.7562603Z     "Name": "default",
2026-01-14T14:23:07.7564021Z     "Metadata": {},
2026-01-14T14:23:07.7565380Z     "Endpoints": {
2026-01-14T14:23:07.7566672Z       "docker": {
2026-01-14T14:23:07.7568190Z         "Host": "unix:///var/run/docker.sock",
2026-01-14T14:23:07.7570298Z         "SkipTLSVerify": false
2026-01-14T14:23:07.7571832Z       }
2026-01-14T14:23:07.7572946Z     },
2026-01-14T14:23:07.7574121Z     "TLSMaterial": {},
2026-01-14T14:23:07.7575470Z     "Storage": {
2026-01-14T14:23:07.7576832Z       "MetadataPath": "<IN MEMORY>",
2026-01-14T14:23:07.7578568Z       "TLSPath": "<IN MEMORY>"
2026-01-14T14:23:07.7580414Z     }
2026-01-14T14:23:07.7581531Z   }
2026-01-14T14:23:07.7582559Z ]
2026-01-14T14:23:07.7584523Z ##[endgroup]
2026-01-14T14:23:07.7586621Z ##[group]Creating a new builder instance
2026-01-14T14:23:07.8822550Z [command]/usr/bin/docker buildx create --name builder-1c6f2afe-61a5-4a90-b6e8-ffbb35311f65 --driver docker-container --buildkitd-flags --allow-insecure-entitlement security.insecure --allow-insecure-entitlement network.host --use
2026-01-14T14:23:07.9480496Z builder-1c6f2afe-61a5-4a90-b6e8-ffbb35311f65
2026-01-14T14:23:07.9521905Z ##[endgroup]
2026-01-14T14:23:07.9527058Z ##[group]Booting builder
2026-01-14T14:23:07.9602548Z [command]/usr/bin/docker buildx inspect --bootstrap --builder builder-1c6f2afe-61a5-4a90-b6e8-ffbb35311f65
2026-01-14T14:23:08.0512120Z #1 [internal] booting buildkit
2026-01-14T14:23:08.2034000Z #1 pulling image moby/buildkit:buildx-stable-1
2026-01-14T14:23:14.0353706Z #1 pulling image moby/buildkit:buildx-stable-1 6.0s done
2026-01-14T14:23:14.1859667Z #1 creating container buildx_buildkit_builder-1c6f2afe-61a5-4a90-b6e8-ffbb35311f650
2026-01-14T14:23:14.3700683Z #1 creating container buildx_buildkit_builder-1c6f2afe-61a5-4a90-b6e8-ffbb35311f650 0.3s done
2026-01-14T14:23:14.3722948Z #1 DONE 6.3s
2026-01-14T14:23:14.4160434Z Name:          builder-1c6f2afe-61a5-4a90-b6e8-ffbb35311f65
2026-01-14T14:23:14.4173943Z Driver:        docker-container
2026-01-14T14:23:14.4177307Z Last Activity: 2026-01-14 14:23:07 +0000 UTC
2026-01-14T14:23:14.4181810Z 
2026-01-14T14:23:14.4181982Z Nodes:
2026-01-14T14:23:14.4200703Z Name:                  builder-1c6f2afe-61a5-4a90-b6e8-ffbb35311f650
2026-01-14T14:23:14.4201413Z Endpoint:              unix:///var/run/docker.sock
2026-01-14T14:23:14.4201958Z Status:                running
2026-01-14T14:23:14.4202922Z BuildKit daemon flags: --allow-insecure-entitlement security.insecure --allow-insecure-entitlement network.host
2026-01-14T14:23:14.4203962Z BuildKit version:      v0.26.3
2026-01-14T14:23:14.4204585Z Platforms:             linux/amd64, linux/amd64/v2, linux/amd64/v3, linux/386
2026-01-14T14:23:14.4205184Z Labels:
2026-01-14T14:23:14.4211545Z  org.mobyproject.buildkit.worker.executor:         oci
2026-01-14T14:23:14.4212350Z  org.mobyproject.buildkit.worker.hostname:         2aa0c0bb4a06
2026-01-14T14:23:14.4213146Z  org.mobyproject.buildkit.worker.network:          host
2026-01-14T14:23:14.4213934Z  org.mobyproject.buildkit.worker.oci.process-mode: sandbox
2026-01-14T14:23:14.4214739Z  org.mobyproject.buildkit.worker.selinux.enabled:  false
2026-01-14T14:23:14.4215521Z  org.mobyproject.buildkit.worker.snapshotter:      overlayfs
2026-01-14T14:23:14.4216194Z GC Policy rule#0:
2026-01-14T14:23:14.4216564Z  All:            false
2026-01-14T14:23:14.4217224Z  Filters:        type==source.local,type==exec.cachemount,type==source.git.checkout
2026-01-14T14:23:14.4217993Z  Keep Duration:  48h0m0s
2026-01-14T14:23:14.4218378Z  Max Used Space: 488.3MiB
2026-01-14T14:23:14.4218763Z GC Policy rule#1:
2026-01-14T14:23:14.4219405Z  All:            false
2026-01-14T14:23:14.4219885Z  Keep Duration:  1440h0m0s
2026-01-14T14:23:14.4220297Z  Reserved Space: 7.451GiB
2026-01-14T14:23:14.4220755Z  Max Used Space: 54.02GiB
2026-01-14T14:23:14.4221156Z  Min Free Space: 13.97GiB
2026-01-14T14:23:14.4221555Z GC Policy rule#2:
2026-01-14T14:23:14.4221890Z  All:            false
2026-01-14T14:23:14.4222249Z  Reserved Space: 7.451GiB
2026-01-14T14:23:14.4222620Z  Max Used Space: 54.02GiB
2026-01-14T14:23:14.4223123Z  Min Free Space: 13.97GiB
2026-01-14T14:23:14.4223539Z GC Policy rule#3:
2026-01-14T14:23:14.4223854Z  All:            true
2026-01-14T14:23:14.4224181Z  Reserved Space: 7.451GiB
2026-01-14T14:23:14.4224505Z  Max Used Space: 54.02GiB
2026-01-14T14:23:14.4224853Z  Min Free Space: 13.97GiB
2026-01-14T14:23:14.4233836Z ##[endgroup]
2026-01-14T14:23:14.5177717Z ##[group]Inspect builder
2026-01-14T14:23:14.5187470Z {
2026-01-14T14:23:14.5187795Z   "nodes": [
2026-01-14T14:23:14.5188121Z     {
2026-01-14T14:23:14.5188611Z       "name": "builder-1c6f2afe-61a5-4a90-b6e8-ffbb35311f650",
2026-01-14T14:23:14.5191264Z       "endpoint": "unix:///var/run/docker.sock",
2026-01-14T14:23:14.5191820Z       "status": "running",
2026-01-14T14:23:14.5192826Z       "buildkitd-flags": "--allow-insecure-entitlement security.insecure --allow-insecure-entitlement network.host",
2026-01-14T14:23:14.5193931Z       "buildkit": "v0.26.3",
2026-01-14T14:23:14.5194549Z       "platforms": "linux/amd64,linux/amd64/v2,linux/amd64/v3,linux/386",
2026-01-14T14:23:14.5195197Z       "features": {
2026-01-14T14:23:14.5195684Z         "Automatically load images to the Docker Engine image store": true,
2026-01-14T14:23:14.5196589Z         "Cache export": true,
2026-01-14T14:23:14.5196942Z         "Direct push": true,
2026-01-14T14:23:14.5197287Z         "Docker exporter": true,
2026-01-14T14:23:14.5197692Z         "Multi-platform build": true,
2026-01-14T14:23:14.5198115Z         "OCI exporter": true
2026-01-14T14:23:14.5198443Z       },
2026-01-14T14:23:14.5198681Z       "labels": {
2026-01-14T14:23:14.5199593Z         "org.mobyproject.buildkit.worker.executor": "oci",
2026-01-14T14:23:14.5200323Z         "org.mobyproject.buildkit.worker.hostname": "2aa0c0bb4a06",
2026-01-14T14:23:14.5200992Z         "org.mobyproject.buildkit.worker.network": "host",
2026-01-14T14:23:14.5201740Z         "org.mobyproject.buildkit.worker.oci.process-mode": "sandbox",
2026-01-14T14:23:14.5202576Z         "org.mobyproject.buildkit.worker.selinux.enabled": "false",
2026-01-14T14:23:14.5203325Z         "org.mobyproject.buildkit.worker.snapshotter": "overlayfs"
2026-01-14T14:23:14.5203867Z       },
2026-01-14T14:23:14.5204147Z       "gcPolicy": [
2026-01-14T14:23:14.5204430Z         {
2026-01-14T14:23:14.5204726Z           "all": false,
2026-01-14T14:23:14.5205040Z           "filter": [
2026-01-14T14:23:14.5205376Z             "type==source.local",
2026-01-14T14:23:14.5205781Z             "type==exec.cachemount",
2026-01-14T14:23:14.5206211Z             "type==source.git.checkout"
2026-01-14T14:23:14.5206605Z           ],
2026-01-14T14:23:14.5206907Z           "keepDuration": "48h0m0s",
2026-01-14T14:23:14.5207314Z           "maxUsedSpace": "488.3MiB"
2026-01-14T14:23:14.5207677Z         },
2026-01-14T14:23:14.5207935Z         {
2026-01-14T14:23:14.5208193Z           "all": false,
2026-01-14T14:23:14.5208535Z           "keepDuration": "1440h0m0s",
2026-01-14T14:23:14.5208947Z           "reservedSpace": "7.451GiB",
2026-01-14T14:23:14.5209558Z           "maxUsedSpace": "54.02GiB",
2026-01-14T14:23:14.5209969Z           "minFreeSpace": "13.97GiB"
2026-01-14T14:23:14.5210342Z         },
2026-01-14T14:23:14.5210594Z         {
2026-01-14T14:23:14.5210865Z           "all": false,
2026-01-14T14:23:14.5211304Z           "reservedSpace": "7.451GiB",
2026-01-14T14:23:14.5211711Z           "maxUsedSpace": "54.02GiB",
2026-01-14T14:23:14.5212104Z           "minFreeSpace": "13.97GiB"
2026-01-14T14:23:14.5212463Z         },
2026-01-14T14:23:14.5212716Z         {
2026-01-14T14:23:14.5212972Z           "all": true,
2026-01-14T14:23:14.5213314Z           "reservedSpace": "7.451GiB",
2026-01-14T14:23:14.5213723Z           "maxUsedSpace": "54.02GiB",
2026-01-14T14:23:14.5214129Z           "minFreeSpace": "13.97GiB"
2026-01-14T14:23:14.5214486Z         }
2026-01-14T14:23:14.5214731Z       ]
2026-01-14T14:23:14.5214975Z     }
2026-01-14T14:23:14.5215200Z   ],
2026-01-14T14:23:14.5215549Z   "name": "builder-1c6f2afe-61a5-4a90-b6e8-ffbb35311f65",
2026-01-14T14:23:14.5216053Z   "driver": "docker-container",
2026-01-14T14:23:14.5216445Z   "lastActivity": "2026-01-14T14:23:07.000Z"
2026-01-14T14:23:14.5216848Z }
2026-01-14T14:23:14.5217476Z ##[endgroup]
2026-01-14T14:23:14.5220350Z ##[group]BuildKit version
2026-01-14T14:23:14.5220889Z builder-1c6f2afe-61a5-4a90-b6e8-ffbb35311f650: v0.26.3
2026-01-14T14:23:14.5221770Z ##[endgroup]
2026-01-14T14:23:14.5404074Z ##[group]Run google-github-actions/auth@v2
2026-01-14T14:23:14.5404371Z with:
2026-01-14T14:23:14.5404892Z   workload_identity_provider: projects/1034486134720/locations/global/workloadIdentityPools/github-actions-auth-pool/providers/github
2026-01-14T14:23:14.5405611Z   service_account: bonkbot-github-actions@bonkbotbeta.iam.gserviceaccount.com
2026-01-14T14:23:14.5406001Z   project_id: bonkbotbeta
2026-01-14T14:23:14.5406218Z   create_credentials_file: true
2026-01-14T14:23:14.5406459Z   export_environment_variables: true
2026-01-14T14:23:14.5406711Z   universe: googleapis.com
2026-01-14T14:23:14.5406922Z   cleanup_credentials: true
2026-01-14T14:23:14.5407146Z   access_token_lifetime: 3600s
2026-01-14T14:23:14.5407480Z   access_token_scopes: https://www.googleapis.com/auth/cloud-platform
2026-01-14T14:23:14.5408016Z   id_token_include_email: false
2026-01-14T14:23:14.5408222Z env:
2026-01-14T14:23:14.5408404Z   GCP_PROJECT_ID: bonkbotbeta
2026-01-14T14:23:14.5408654Z   GCP_REGION: europe-west3
2026-01-14T14:23:14.5408866Z   SERVICE_NAME: trenchbench-api
2026-01-14T14:23:14.5409398Z   ARTIFACT_REGISTRY: europe-west4-docker.pkg.dev
2026-01-14T14:23:14.5409982Z   ARTIFACT_REGISTRY_FULL_PATH: europe-west4-docker.pkg.dev/bonkbotbeta/trenchbench-api/server
2026-01-14T14:23:14.5410566Z   WIF_SERVICE_ACCOUNT: bonkbot-github-actions@bonkbotbeta.iam.gserviceaccount.com
2026-01-14T14:23:14.5411241Z   WIF_PROVIDER: projects/1034486134720/locations/global/workloadIdentityPools/github-actions-auth-pool/providers/github
2026-01-14T14:23:14.5411772Z ##[endgroup]
2026-01-14T14:23:14.7218508Z Created credentials file at "/home/runner/work/trenchbench-api/trenchbench-api/gha-creds-903e6642737354c1.json"
2026-01-14T14:23:14.7946550Z ##[group]Run google-github-actions/setup-gcloud@v2
2026-01-14T14:23:14.7946889Z with:
2026-01-14T14:23:14.7947072Z   version: latest
2026-01-14T14:23:14.7947263Z   skip_install: false
2026-01-14T14:23:14.7947463Z   skip_tool_cache: false
2026-01-14T14:23:14.7947655Z env:
2026-01-14T14:23:14.7947827Z   GCP_PROJECT_ID: bonkbotbeta
2026-01-14T14:23:14.7948053Z   GCP_REGION: europe-west3
2026-01-14T14:23:14.7948270Z   SERVICE_NAME: trenchbench-api
2026-01-14T14:23:14.7948538Z   ARTIFACT_REGISTRY: europe-west4-docker.pkg.dev
2026-01-14T14:23:14.7949005Z   ARTIFACT_REGISTRY_FULL_PATH: europe-west4-docker.pkg.dev/bonkbotbeta/trenchbench-api/server
2026-01-14T14:23:14.7949889Z   WIF_SERVICE_ACCOUNT: bonkbot-github-actions@bonkbotbeta.iam.gserviceaccount.com
2026-01-14T14:23:14.7950591Z   WIF_PROVIDER: projects/1034486134720/locations/global/workloadIdentityPools/github-actions-auth-pool/providers/github
2026-01-14T14:23:14.7951453Z   CLOUDSDK_AUTH_CREDENTIAL_FILE_OVERRIDE: /home/runner/work/trenchbench-api/trenchbench-api/gha-creds-903e6642737354c1.json
2026-01-14T14:23:14.7952243Z   GOOGLE_APPLICATION_CREDENTIALS: /home/runner/work/trenchbench-api/trenchbench-api/gha-creds-903e6642737354c1.json
2026-01-14T14:23:14.7952968Z   GOOGLE_GHA_CREDS_PATH: /home/runner/work/trenchbench-api/trenchbench-api/gha-creds-903e6642737354c1.json
2026-01-14T14:23:14.7953445Z   CLOUDSDK_CORE_PROJECT: bonkbotbeta
2026-01-14T14:23:14.7953700Z   CLOUDSDK_PROJECT: bonkbotbeta
2026-01-14T14:23:14.7953924Z   GCLOUD_PROJECT: bonkbotbeta
2026-01-14T14:23:14.7954149Z   GCP_PROJECT: bonkbotbeta
2026-01-14T14:23:14.7954369Z   GOOGLE_CLOUD_PROJECT: bonkbotbeta
2026-01-14T14:23:14.7954600Z ##[endgroup]
2026-01-14T14:23:16.6928846Z [command]/usr/bin/tar xz --warning=no-unknown-keyword --overwrite -C /home/runner/work/_temp/b587b478-510c-46c3-83c9-c8e6637c88a4 -f /home/runner/work/_temp/b71a6513-cc11-4fed-a887-0d067155a776
2026-01-14T14:23:41.2008787Z Successfully authenticated
2026-01-14T14:23:41.2223503Z ##[group]Run gcloud auth configure-docker europe-west4-docker.pkg.dev --quiet
2026-01-14T14:23:41.2224114Z gcloud auth configure-docker europe-west4-docker.pkg.dev --quiet
2026-01-14T14:23:41.2262651Z shell: /usr/bin/bash -e {0}
2026-01-14T14:23:41.2262896Z env:
2026-01-14T14:23:41.2263078Z   GCP_PROJECT_ID: bonkbotbeta
2026-01-14T14:23:41.2263313Z   GCP_REGION: europe-west3
2026-01-14T14:23:41.2263537Z   SERVICE_NAME: trenchbench-api
2026-01-14T14:23:41.2263807Z   ARTIFACT_REGISTRY: europe-west4-docker.pkg.dev
2026-01-14T14:23:41.2264270Z   ARTIFACT_REGISTRY_FULL_PATH: europe-west4-docker.pkg.dev/bonkbotbeta/trenchbench-api/server
2026-01-14T14:23:41.2264848Z   WIF_SERVICE_ACCOUNT: bonkbot-github-actions@bonkbotbeta.iam.gserviceaccount.com
2026-01-14T14:23:41.2265523Z   WIF_PROVIDER: projects/1034486134720/locations/global/workloadIdentityPools/github-actions-auth-pool/providers/github
2026-01-14T14:23:41.2266400Z   CLOUDSDK_AUTH_CREDENTIAL_FILE_OVERRIDE: /home/runner/work/trenchbench-api/trenchbench-api/gha-creds-903e6642737354c1.json
2026-01-14T14:23:41.2267204Z   GOOGLE_APPLICATION_CREDENTIALS: /home/runner/work/trenchbench-api/trenchbench-api/gha-creds-903e6642737354c1.json
2026-01-14T14:23:41.2268104Z   GOOGLE_GHA_CREDS_PATH: /home/runner/work/trenchbench-api/trenchbench-api/gha-creds-903e6642737354c1.json
2026-01-14T14:23:41.2268574Z   CLOUDSDK_CORE_PROJECT: bonkbotbeta
2026-01-14T14:23:41.2268830Z   CLOUDSDK_PROJECT: bonkbotbeta
2026-01-14T14:23:41.2269053Z   GCLOUD_PROJECT: bonkbotbeta
2026-01-14T14:23:41.2269478Z   GCP_PROJECT: bonkbotbeta
2026-01-14T14:23:41.2269697Z   GOOGLE_CLOUD_PROJECT: bonkbotbeta
2026-01-14T14:23:41.2270004Z   CLOUDSDK_METRICS_ENVIRONMENT: github-actions-setup-gcloud
2026-01-14T14:23:41.2270343Z   CLOUDSDK_METRICS_ENVIRONMENT_VERSION: 2.2.1
2026-01-14T14:23:41.2270601Z ##[endgroup]
2026-01-14T14:23:41.6580356Z Adding credentials for: europe-west4-docker.pkg.dev
2026-01-14T14:23:41.6735802Z Docker configuration file updated.
2026-01-14T14:23:41.7595185Z ##[group]Run IMAGE="europe-west4-docker.pkg.dev/bonkbotbeta/trenchbench-api/server:a9250cd0646c255c982d4144a039703d6d5277cc"
2026-01-14T14:23:41.7596107Z IMAGE="europe-west4-docker.pkg.dev/bonkbotbeta/trenchbench-api/server:a9250cd0646c255c982d4144a039703d6d5277cc"
2026-01-14T14:23:41.7596659Z docker build -t $IMAGE .
2026-01-14T14:23:41.7596911Z docker push $IMAGE
2026-01-14T14:23:41.7597162Z echo "image=$IMAGE" >> $GITHUB_OUTPUT
2026-01-14T14:23:41.7629381Z shell: /usr/bin/bash -e {0}
2026-01-14T14:23:41.7629632Z env:
2026-01-14T14:23:41.7629812Z   GCP_PROJECT_ID: bonkbotbeta
2026-01-14T14:23:41.7630062Z   GCP_REGION: europe-west3
2026-01-14T14:23:41.7630297Z   SERVICE_NAME: trenchbench-api
2026-01-14T14:23:41.7630571Z   ARTIFACT_REGISTRY: europe-west4-docker.pkg.dev
2026-01-14T14:23:41.7631073Z   ARTIFACT_REGISTRY_FULL_PATH: europe-west4-docker.pkg.dev/bonkbotbeta/trenchbench-api/server
2026-01-14T14:23:41.7631744Z   WIF_SERVICE_ACCOUNT: bonkbot-github-actions@bonkbotbeta.iam.gserviceaccount.com
2026-01-14T14:23:41.7632489Z   WIF_PROVIDER: projects/1034486134720/locations/global/workloadIdentityPools/github-actions-auth-pool/providers/github
2026-01-14T14:23:41.7633416Z   CLOUDSDK_AUTH_CREDENTIAL_FILE_OVERRIDE: /home/runner/work/trenchbench-api/trenchbench-api/gha-creds-903e6642737354c1.json
2026-01-14T14:23:41.7634294Z   GOOGLE_APPLICATION_CREDENTIALS: /home/runner/work/trenchbench-api/trenchbench-api/gha-creds-903e6642737354c1.json
2026-01-14T14:23:41.7635084Z   GOOGLE_GHA_CREDS_PATH: /home/runner/work/trenchbench-api/trenchbench-api/gha-creds-903e6642737354c1.json
2026-01-14T14:23:41.7635596Z   CLOUDSDK_CORE_PROJECT: bonkbotbeta
2026-01-14T14:23:41.7635856Z   CLOUDSDK_PROJECT: bonkbotbeta
2026-01-14T14:23:41.7636093Z   GCLOUD_PROJECT: bonkbotbeta
2026-01-14T14:23:41.7636313Z   GCP_PROJECT: bonkbotbeta
2026-01-14T14:23:41.7636540Z   GOOGLE_CLOUD_PROJECT: bonkbotbeta
2026-01-14T14:23:41.7636871Z   CLOUDSDK_METRICS_ENVIRONMENT: github-actions-setup-gcloud
2026-01-14T14:23:41.7637227Z   CLOUDSDK_METRICS_ENVIRONMENT_VERSION: 2.2.1
2026-01-14T14:23:41.7637499Z ##[endgroup]
2026-01-14T14:23:42.0709534Z #0 building with "default" instance using docker driver
2026-01-14T14:23:42.0711115Z 
2026-01-14T14:23:42.0711320Z #1 [internal] load build definition from Dockerfile
2026-01-14T14:23:42.0711709Z #1 transferring dockerfile: 1.02kB done
2026-01-14T14:23:42.0712009Z #1 DONE 0.0s
2026-01-14T14:23:42.0712140Z 
2026-01-14T14:23:42.0712308Z #2 [auth] oven/bun:pull token for registry-1.docker.io
2026-01-14T14:23:42.0712701Z #2 DONE 0.0s
2026-01-14T14:23:42.0712828Z 
2026-01-14T14:23:42.0713004Z #3 [internal] load metadata for docker.io/oven/bun:1-slim
2026-01-14T14:23:43.2437914Z #3 DONE 1.3s
2026-01-14T14:23:43.2438158Z 
2026-01-14T14:23:43.2438374Z #4 [internal] load metadata for docker.io/oven/bun:1
2026-01-14T14:23:43.3719407Z #4 DONE 1.3s
2026-01-14T14:23:43.3726619Z 
2026-01-14T14:23:43.3727232Z #5 [internal] load .dockerignore
2026-01-14T14:23:43.3727744Z #5 transferring context: 294B done
2026-01-14T14:23:43.3729479Z #5 DONE 0.0s
2026-01-14T14:23:43.3729805Z 
2026-01-14T14:23:43.3730219Z #6 [internal] load build context
2026-01-14T14:23:43.3731137Z #6 transferring context: 178.97kB 0.0s done
2026-01-14T14:23:43.3732189Z #6 DONE 0.0s
2026-01-14T14:23:43.3732749Z 
2026-01-14T14:23:43.3733879Z #7 [install 1/4] FROM docker.io/oven/bun:1@sha256:f20d9cf365ab35529384f1717687c739c92e6f39157a35a95ef06f4049a10e4a
2026-01-14T14:23:43.3735767Z #7 resolve docker.io/oven/bun:1@sha256:f20d9cf365ab35529384f1717687c739c92e6f39157a35a95ef06f4049a10e4a done
2026-01-14T14:23:43.3749024Z #7 sha256:372dbdeedbc810777ef34c86912b3692f843d127997cd343edfd6caec83388fa 6.50MB / 39.18MB 0.1s
2026-01-14T14:23:43.3751245Z #7 sha256:f4ef0dfaf0375fedc6da1bd972799992d84acd67c361fabbb1cd79f90b252088 0B / 183B 0.1s
2026-01-14T14:23:43.3754173Z #7 sha256:f20d9cf365ab35529384f1717687c739c92e6f39157a35a95ef06f4049a10e4a 1.61kB / 1.61kB done
2026-01-14T14:23:43.3755481Z #7 sha256:766690ef3be36b73288435428c638e47b8500d01f8fa1c298c4b09dc29841197 1.43kB / 1.43kB done
2026-01-14T14:23:43.3756475Z #7 sha256:ed25fc7231514c100f091eed3497e6487cda4440029f11a411d0575c4865df75 3.84kB / 3.84kB done
2026-01-14T14:23:43.3757490Z #7 sha256:2ca1bfae7ba8b9e2a56c1c19a2d14036cae96bf868ca154ca88bc078eaf7c376 4.81MB / 49.29MB 0.1s
2026-01-14T14:23:43.3758499Z #7 sha256:9222386b19dd6a418f3fc1e29f7401702d1b8c97172e679d1e4da5ee2db07a4f 293B / 293B 0.1s done
2026-01-14T14:23:43.4759308Z #7 sha256:372dbdeedbc810777ef34c86912b3692f843d127997cd343edfd6caec83388fa 23.07MB / 39.18MB 0.2s
2026-01-14T14:23:43.4760542Z #7 sha256:f4ef0dfaf0375fedc6da1bd972799992d84acd67c361fabbb1cd79f90b252088 183B / 183B 0.1s done
2026-01-14T14:23:43.4761798Z #7 sha256:2ca1bfae7ba8b9e2a56c1c19a2d14036cae96bf868ca154ca88bc078eaf7c376 15.73MB / 49.29MB 0.2s
2026-01-14T14:23:43.4762958Z #7 sha256:d7043fd042ad891810879f4b609dfef5edcdda648f6e55f115adb0715c5d07b6 0B / 139B 0.2s
2026-01-14T14:23:43.6711593Z #7 sha256:372dbdeedbc810777ef34c86912b3692f843d127997cd343edfd6caec83388fa 39.18MB / 39.18MB 0.3s done
2026-01-14T14:23:43.6713187Z #7 sha256:2ca1bfae7ba8b9e2a56c1c19a2d14036cae96bf868ca154ca88bc078eaf7c376 28.31MB / 49.29MB 0.4s
2026-01-14T14:23:43.6715753Z #7 sha256:d7043fd042ad891810879f4b609dfef5edcdda648f6e55f115adb0715c5d07b6 139B / 139B 0.2s done
2026-01-14T14:23:43.6717075Z #7 sha256:3077642fc00c3578ff52c4074275549b637893367bc67cd82d69de97d9416fd1 3.39kB / 3.39kB 0.2s done
2026-01-14T14:23:43.7735986Z #7 sha256:2ca1bfae7ba8b9e2a56c1c19a2d14036cae96bf868ca154ca88bc078eaf7c376 37.75MB / 49.29MB 0.5s
2026-01-14T14:23:43.9137729Z #7 sha256:2ca1bfae7ba8b9e2a56c1c19a2d14036cae96bf868ca154ca88bc078eaf7c376 45.09MB / 49.29MB 0.6s
2026-01-14T14:23:44.0721256Z #7 sha256:2ca1bfae7ba8b9e2a56c1c19a2d14036cae96bf868ca154ca88bc078eaf7c376 49.29MB / 49.29MB 0.7s done
2026-01-14T14:23:44.2324604Z #7 extracting sha256:2ca1bfae7ba8b9e2a56c1c19a2d14036cae96bf868ca154ca88bc078eaf7c376
2026-01-14T14:23:46.6423062Z #7 extracting sha256:2ca1bfae7ba8b9e2a56c1c19a2d14036cae96bf868ca154ca88bc078eaf7c376 2.3s done
2026-01-14T14:23:47.3812721Z #7 extracting sha256:9222386b19dd6a418f3fc1e29f7401702d1b8c97172e679d1e4da5ee2db07a4f
2026-01-14T14:23:47.5329995Z #7 extracting sha256:9222386b19dd6a418f3fc1e29f7401702d1b8c97172e679d1e4da5ee2db07a4f done
2026-01-14T14:23:47.8498697Z #7 extracting sha256:372dbdeedbc810777ef34c86912b3692f843d127997cd343edfd6caec83388fa 0.1s
2026-01-14T14:23:48.6857063Z #7 extracting sha256:372dbdeedbc810777ef34c86912b3692f843d127997cd343edfd6caec83388fa 0.9s done
2026-01-14T14:23:49.4907072Z #7 extracting sha256:f4ef0dfaf0375fedc6da1bd972799992d84acd67c361fabbb1cd79f90b252088 done
2026-01-14T14:23:49.4911091Z #7 extracting sha256:3077642fc00c3578ff52c4074275549b637893367bc67cd82d69de97d9416fd1 done
2026-01-14T14:23:49.4912768Z #7 extracting sha256:d7043fd042ad891810879f4b609dfef5edcdda648f6e55f115adb0715c5d07b6 done
2026-01-14T14:23:49.4916927Z #7 DONE 6.2s
2026-01-14T14:23:49.4917125Z 
2026-01-14T14:23:49.4917828Z #8 [runtime 1/6] FROM docker.io/oven/bun:1-slim@sha256:9d20d1b535596c4a021ba2087d2d303c4098e96be15f47775729cf7a259bb41e
2026-01-14T14:23:49.4919267Z #8 resolve docker.io/oven/bun:1-slim@sha256:9d20d1b535596c4a021ba2087d2d303c4098e96be15f47775729cf7a259bb41e done
2026-01-14T14:23:49.4936273Z #8 sha256:9d20d1b535596c4a021ba2087d2d303c4098e96be15f47775729cf7a259bb41e 1.61kB / 1.61kB done
2026-01-14T14:23:49.4937402Z #8 sha256:1e3261a525c85c221f4a1143e28f60ee1d4eb42643159d3046a5356d901d0363 3.91kB / 3.91kB done
2026-01-14T14:23:49.4938628Z #8 sha256:97f3b246a65b2052cee684e5f84038280a8587b4d06aacb9b7cfd910c54707a9 1.43kB / 1.43kB done
2026-01-14T14:23:49.4941415Z #8 sha256:119d43eec815e5f9a47da3a7d59454581b1e204b0c34db86f171b7ceb3336533 29.77MB / 29.77MB 0.6s done
2026-01-14T14:23:49.4942768Z #8 sha256:0c85a94a5f0c52fa1bbf650e0f9f720bdbb270ea107ee06743127a05f269fd7c 292B / 292B 0.4s done
2026-01-14T14:23:49.4944227Z #8 sha256:4d5d20e06bfa519886fe509b0125b89b25578573d2efbe01d056ffffd3dc8572 39.18MB / 39.18MB 0.8s done
2026-01-14T14:23:49.4945905Z #8 sha256:61896f78c883f339df6cb24dbbb226755acc9b34305a568394832fd428aaec62 183B / 183B 0.6s done
2026-01-14T14:23:49.4947317Z #8 extracting sha256:119d43eec815e5f9a47da3a7d59454581b1e204b0c34db86f171b7ceb3336533 1.7s done
2026-01-14T14:23:49.4948705Z #8 sha256:bdd4c8fa077116a3c422df7f049a4cd82d0c88af594ecca5278aba42e130e712 138B / 138B 0.8s done
2026-01-14T14:23:49.4950255Z #8 sha256:4ad1e3b25d5b52e2eeb60c2a82610cca3b85d3d1f641cd387a1939f731e47281 3.39kB / 3.39kB 0.7s done
2026-01-14T14:23:49.4951508Z #8 extracting sha256:0c85a94a5f0c52fa1bbf650e0f9f720bdbb270ea107ee06743127a05f269fd7c done
2026-01-14T14:23:49.4952878Z #8 extracting sha256:4d5d20e06bfa519886fe509b0125b89b25578573d2efbe01d056ffffd3dc8572 1.0s done
2026-01-14T14:23:49.4954232Z #8 extracting sha256:61896f78c883f339df6cb24dbbb226755acc9b34305a568394832fd428aaec62 done
2026-01-14T14:23:49.4955399Z #8 extracting sha256:4ad1e3b25d5b52e2eeb60c2a82610cca3b85d3d1f641cd387a1939f731e47281 done
2026-01-14T14:23:49.4956723Z #8 extracting sha256:bdd4c8fa077116a3c422df7f049a4cd82d0c88af594ecca5278aba42e130e712 done
2026-01-14T14:23:49.4957517Z #8 DONE 6.2s
2026-01-14T14:23:49.4957683Z 
2026-01-14T14:23:49.4957823Z #9 [runtime 2/6] WORKDIR /app
2026-01-14T14:23:49.6580051Z #9 DONE 0.0s
2026-01-14T14:23:49.6587988Z 
2026-01-14T14:23:49.6589806Z #10 [install 2/4] WORKDIR /app
2026-01-14T14:23:49.6593073Z #10 DONE 0.0s
2026-01-14T14:23:49.6593265Z 
2026-01-14T14:23:49.6595465Z #11 [install 3/4] COPY package.json bun.lock ./
2026-01-14T14:23:49.6596359Z #11 DONE 0.0s
2026-01-14T14:23:49.6596538Z 
2026-01-14T14:23:49.6597014Z #12 [install 4/4] RUN bun install --frozen-lockfile --production
2026-01-14T14:23:49.6597769Z #12 0.129 bun install v1.3.6 (d530ed99)
2026-01-14T14:23:49.9190880Z #12 0.391 
2026-01-14T14:23:49.9191272Z #12 0.391 + @clickhouse/client@1.16.0
2026-01-14T14:23:49.9191711Z #12 0.391 + elysia@1.4.19
2026-01-14T14:23:49.9192039Z #12 0.391 
2026-01-14T14:23:49.9192348Z #12 0.391 24 packages installed [262.00ms]
2026-01-14T14:23:50.0194603Z #12 DONE 0.5s
2026-01-14T14:23:50.1867396Z 
2026-01-14T14:23:50.1869280Z #13 [runtime 3/6] COPY --from=install /app/node_modules ./node_modules
2026-01-14T14:23:50.5050679Z #13 DONE 0.3s
2026-01-14T14:23:50.6929978Z 
2026-01-14T14:23:50.6930432Z #14 [runtime 4/6] COPY package.json ./
2026-01-14T14:23:50.6930916Z #14 DONE 0.0s
2026-01-14T14:23:50.6931095Z 
2026-01-14T14:23:50.6931231Z #15 [runtime 5/6] COPY src ./src
2026-01-14T14:23:50.6931606Z #15 DONE 0.0s
2026-01-14T14:23:50.6931776Z 
2026-01-14T14:23:50.6932417Z #16 [runtime 6/6] RUN apt-get update && apt-get install -y curl --no-install-recommends && rm -rf /var/lib/apt/lists/*
2026-01-14T14:23:50.6955846Z #16 0.153 Get:1 http://deb.debian.org/debian trixie InRelease [140 kB]
2026-01-14T14:23:50.9224320Z #16 0.164 Get:2 http://deb.debian.org/debian trixie-updates InRelease [47.3 kB]
2026-01-14T14:23:50.9228384Z #16 0.164 Get:3 http://deb.debian.org/debian-security trixie-security InRelease [43.4 kB]
2026-01-14T14:23:50.9230010Z #16 0.180 Get:4 http://deb.debian.org/debian trixie/main amd64 Packages [9670 kB]
2026-01-14T14:23:50.9231992Z #16 0.229 Get:5 http://deb.debian.org/debian trixie-updates/main amd64 Packages [5412 B]
2026-01-14T14:23:50.9233375Z #16 0.230 Get:6 http://deb.debian.org/debian-security trixie-security/main amd64 Packages [95.9 kB]
2026-01-14T14:23:51.4015264Z #16 0.859 Fetched 10.0 MB in 1s (14.0 MB/s)
2026-01-14T14:23:51.8284407Z #16 0.859 Reading package lists...
2026-01-14T14:23:52.2823812Z #16 1.302 Reading package lists...
2026-01-14T14:23:52.3856912Z #16 1.748 Building dependency tree...
2026-01-14T14:23:52.3858424Z #16 1.843 Reading state information...
2026-01-14T14:23:52.4981408Z #16 1.955 The following additional packages will be installed:
2026-01-14T14:23:52.6313118Z #16 1.955   libbrotli1 libcom-err2 libcurl4t64 libffi8 libgnutls30t64 libgssapi-krb5-2
2026-01-14T14:23:52.6316796Z #16 1.955   libidn2-0 libk5crypto3 libkeyutils1 libkrb5-3 libkrb5support0 libldap2
2026-01-14T14:23:52.6318314Z #16 1.955   libnghttp2-14 libnghttp3-9 libp11-kit0 libpsl5t64 librtmp1 libsasl2-2
2026-01-14T14:23:52.6319978Z #16 1.956   libsasl2-modules-db libssh2-1t64 libtasn1-6 libunistring5
2026-01-14T14:23:52.6320630Z #16 1.957 Suggested packages:
2026-01-14T14:23:52.6322768Z #16 1.957   gnutls-bin krb5-doc krb5-user
2026-01-14T14:23:52.6324214Z #16 1.957 Recommended packages:
2026-01-14T14:23:52.6324848Z #16 1.957   bash-completion ca-certificates krb5-locales libldap-common publicsuffix
2026-01-14T14:23:52.6325619Z #16 1.957   libsasl2-modules
2026-01-14T14:23:52.6326092Z #16 2.087 The following NEW packages will be installed:
2026-01-14T14:23:52.7916808Z #16 2.088   curl libbrotli1 libcom-err2 libcurl4t64 libffi8 libgnutls30t64
2026-01-14T14:23:52.7918972Z #16 2.088   libgssapi-krb5-2 libidn2-0 libk5crypto3 libkeyutils1 libkrb5-3
2026-01-14T14:23:52.7920200Z #16 2.088   libkrb5support0 libldap2 libnghttp2-14 libnghttp3-9 libp11-kit0 libpsl5t64
2026-01-14T14:23:52.7921151Z #16 2.088   librtmp1 libsasl2-2 libsasl2-modules-db libssh2-1t64 libtasn1-6
2026-01-14T14:23:52.7921830Z #16 2.089   libunistring5
2026-01-14T14:23:52.7922371Z #16 2.110 0 upgraded, 23 newly installed, 0 to remove and 0 not upgraded.
2026-01-14T14:23:52.7922989Z #16 2.110 Need to get 4907 kB of archives.
2026-01-14T14:23:52.7923617Z #16 2.110 After this operation, 14.8 MB of additional disk space will be used.
2026-01-14T14:23:52.7924576Z #16 2.110 Get:1 http://deb.debian.org/debian trixie/main amd64 libbrotli1 amd64 1.1.0-2+b7 [307 kB]
2026-01-14T14:23:52.7925666Z #16 2.118 Get:2 http://deb.debian.org/debian trixie/main amd64 libkrb5support0 amd64 1.21.3-5 [33.0 kB]
2026-01-14T14:23:52.7926904Z #16 2.118 Get:3 http://deb.debian.org/debian trixie/main amd64 libcom-err2 amd64 1.47.2-3+b7 [25.0 kB]
2026-01-14T14:23:52.7928045Z #16 2.120 Get:4 http://deb.debian.org/debian trixie/main amd64 libk5crypto3 amd64 1.21.3-5 [81.5 kB]
2026-01-14T14:23:52.7929542Z #16 2.120 Get:5 http://deb.debian.org/debian trixie/main amd64 libkeyutils1 amd64 1.6.3-6 [9456 B]
2026-01-14T14:23:52.7930649Z #16 2.121 Get:6 http://deb.debian.org/debian trixie/main amd64 libkrb5-3 amd64 1.21.3-5 [326 kB]
2026-01-14T14:23:52.7931746Z #16 2.121 Get:7 http://deb.debian.org/debian trixie/main amd64 libgssapi-krb5-2 amd64 1.21.3-5 [138 kB]
2026-01-14T14:23:52.7932887Z #16 2.122 Get:8 http://deb.debian.org/debian trixie/main amd64 libunistring5 amd64 1.3-2 [477 kB]
2026-01-14T14:23:52.7934073Z #16 2.130 Get:9 http://deb.debian.org/debian trixie/main amd64 libidn2-0 amd64 2.3.8-2 [109 kB]
2026-01-14T14:23:52.7935233Z #16 2.132 Get:10 http://deb.debian.org/debian trixie/main amd64 libsasl2-modules-db amd64 2.1.28+dfsg1-9 [19.8 kB]
2026-01-14T14:23:52.7936451Z #16 2.133 Get:11 http://deb.debian.org/debian trixie/main amd64 libsasl2-2 amd64 2.1.28+dfsg1-9 [57.5 kB]
2026-01-14T14:23:52.7937570Z #16 2.134 Get:12 http://deb.debian.org/debian trixie/main amd64 libldap2 amd64 2.6.10+dfsg-1 [194 kB]
2026-01-14T14:23:52.7938681Z #16 2.136 Get:13 http://deb.debian.org/debian trixie/main amd64 libnghttp2-14 amd64 1.64.0-1.1 [76.0 kB]
2026-01-14T14:23:52.7939999Z #16 2.136 Get:14 http://deb.debian.org/debian trixie/main amd64 libnghttp3-9 amd64 1.8.0-1 [67.7 kB]
2026-01-14T14:23:52.7941092Z #16 2.136 Get:15 http://deb.debian.org/debian trixie/main amd64 libpsl5t64 amd64 0.21.2-1.1+b1 [57.2 kB]
2026-01-14T14:23:52.7942409Z #16 2.136 Get:16 http://deb.debian.org/debian trixie/main amd64 libffi8 amd64 3.4.8-2 [24.1 kB]
2026-01-14T14:23:52.7943431Z #16 2.136 Get:17 http://deb.debian.org/debian trixie/main amd64 libp11-kit0 amd64 0.25.5-3 [425 kB]
2026-01-14T14:23:52.7944495Z #16 2.137 Get:18 http://deb.debian.org/debian trixie/main amd64 libtasn1-6 amd64 4.20.0-2 [49.9 kB]
2026-01-14T14:23:52.7945603Z #16 2.138 Get:19 http://deb.debian.org/debian trixie/main amd64 libgnutls30t64 amd64 3.8.9-3+deb13u1 [1466 kB]
2026-01-14T14:23:52.7946829Z #16 2.143 Get:20 http://deb.debian.org/debian trixie/main amd64 librtmp1 amd64 2.4+20151223.gitfa8646d.1-2+b5 [58.8 kB]
2026-01-14T14:23:52.7948190Z #16 2.144 Get:21 http://deb.debian.org/debian trixie/main amd64 libssh2-1t64 amd64 1.11.1-1 [245 kB]
2026-01-14T14:23:52.7949635Z #16 2.144 Get:22 http://deb.debian.org/debian trixie/main amd64 libcurl4t64 amd64 8.14.1-2+deb13u2 [391 kB]
2026-01-14T14:23:52.7950784Z #16 2.146 Get:23 http://deb.debian.org/debian trixie/main amd64 curl amd64 8.14.1-2+deb13u2 [270 kB]
2026-01-14T14:23:52.7951634Z #16 2.248 debconf: unable to initialize frontend: Dialog
2026-01-14T14:23:52.7952314Z #16 2.248 debconf: (TERM is not set, so the dialog frontend is not usable.)
2026-01-14T14:23:52.7953022Z #16 2.248 debconf: falling back to frontend: Readline
2026-01-14T14:23:52.9476664Z #16 2.249 debconf: unable to initialize frontend: Readline
2026-01-14T14:23:52.9501096Z #16 2.249 debconf: (Can't locate Term/ReadLine.pm in @INC (you may need to install the Term::ReadLine module) (@INC entries checked: /etc/perl /usr/local/lib/x86_64-linux-gnu/perl/5.40.1 /usr/local/share/perl/5.40.1 /usr/lib/x86_64-linux-gnu/perl5/5.40 /usr/share/perl5 /usr/lib/x86_64-linux-gnu/perl-base /usr/lib/x86_64-linux-gnu/perl/5.40 /usr/share/perl/5.40 /usr/local/lib/site_perl) at /usr/share/perl5/Debconf/FrontEnd/Readline.pm line 8, <STDIN> line 23.)
2026-01-14T14:23:52.9505179Z #16 2.249 debconf: falling back to frontend: Teletype
2026-01-14T14:23:52.9506130Z #16 2.254 debconf: unable to initialize frontend: Teletype
2026-01-14T14:23:52.9507422Z #16 2.254 debconf: (This frontend requires a controlling tty.)
2026-01-14T14:23:52.9508431Z #16 2.254 debconf: falling back to frontend: Noninteractive
2026-01-14T14:23:53.2624973Z #16 2.719 Fetched 4907 kB in 0s (99.2 MB/s)
2026-01-14T14:23:53.3715802Z #16 2.731 Selecting previously unselected package libbrotli1:amd64.
2026-01-14T14:23:53.3718191Z #16 2.731 (Reading database ... 
2026-01-14T14:23:53.3718865Z (Reading database ... 5%
2026-01-14T14:23:53.3720031Z (Reading database ... 10%
2026-01-14T14:23:53.3724257Z (Reading database ... 15%
2026-01-14T14:23:53.3727533Z (Reading database ... 20%
2026-01-14T14:23:53.3728704Z (Reading database ... 25%
2026-01-14T14:23:53.3729950Z (Reading database ... 30%
2026-01-14T14:23:53.3730491Z (Reading database ... 35%
2026-01-14T14:23:53.3731108Z (Reading database ... 40%
2026-01-14T14:23:53.3732273Z (Reading database ... 45%
2026-01-14T14:23:53.3732736Z (Reading database ... 50%
2026-01-14T14:23:53.3734344Z (Reading database ... 55%
2026-01-14T14:23:53.3737160Z (Reading database ... 60%
2026-01-14T14:23:53.3738019Z (Reading database ... 65%
2026-01-14T14:23:53.3739667Z (Reading database ... 70%
2026-01-14T14:23:53.3740783Z (Reading database ... 75%
2026-01-14T14:23:53.3742136Z (Reading database ... 80%
2026-01-14T14:23:53.3743285Z (Reading database ... 85%
2026-01-14T14:23:53.3744538Z (Reading database ... 90%
2026-01-14T14:23:53.3745773Z (Reading database ... 95%
2026-01-14T14:23:53.3746965Z (Reading database ... 100%
2026-01-14T14:23:53.3748330Z (Reading database ... 4936 files and directories currently installed.)
2026-01-14T14:23:53.3750477Z #16 2.736 Preparing to unpack .../00-libbrotli1_1.1.0-2+b7_amd64.deb ...
2026-01-14T14:23:53.3751181Z #16 2.737 Unpacking libbrotli1:amd64 (1.1.0-2+b7) ...
2026-01-14T14:23:53.3751880Z #16 2.767 Selecting previously unselected package libkrb5support0:amd64.
2026-01-14T14:23:53.3752718Z #16 2.768 Preparing to unpack .../01-libkrb5support0_1.21.3-5_amd64.deb ...
2026-01-14T14:23:53.3754682Z #16 2.769 Unpacking libkrb5support0:amd64 (1.21.3-5) ...
2026-01-14T14:23:53.3755598Z #16 2.783 Selecting previously unselected package libcom-err2:amd64.
2026-01-14T14:23:53.3756612Z #16 2.784 Preparing to unpack .../02-libcom-err2_1.47.2-3+b7_amd64.deb ...
2026-01-14T14:23:53.3757476Z #16 2.785 Unpacking libcom-err2:amd64 (1.47.2-3+b7) ...
2026-01-14T14:23:53.3758286Z #16 2.797 Selecting previously unselected package libk5crypto3:amd64.
2026-01-14T14:23:53.3759520Z #16 2.798 Preparing to unpack .../03-libk5crypto3_1.21.3-5_amd64.deb ...
2026-01-14T14:23:53.3760418Z #16 2.799 Unpacking libk5crypto3:amd64 (1.21.3-5) ...
2026-01-14T14:23:53.3761261Z #16 2.815 Selecting previously unselected package libkeyutils1:amd64.
2026-01-14T14:23:53.3762408Z #16 2.816 Preparing to unpack .../04-libkeyutils1_1.6.3-6_amd64.deb ...
2026-01-14T14:23:53.3763252Z #16 2.816 Unpacking libkeyutils1:amd64 (1.6.3-6) ...
2026-01-14T14:23:53.3764050Z #16 2.829 Selecting previously unselected package libkrb5-3:amd64.
2026-01-14T14:23:53.4834284Z #16 2.830 Preparing to unpack .../05-libkrb5-3_1.21.3-5_amd64.deb ...
2026-01-14T14:23:53.4835012Z #16 2.831 Unpacking libkrb5-3:amd64 (1.21.3-5) ...
2026-01-14T14:23:53.4836730Z #16 2.860 Selecting previously unselected package libgssapi-krb5-2:amd64.
2026-01-14T14:23:53.4838329Z #16 2.861 Preparing to unpack .../06-libgssapi-krb5-2_1.21.3-5_amd64.deb ...
2026-01-14T14:23:53.4839030Z #16 2.862 Unpacking libgssapi-krb5-2:amd64 (1.21.3-5) ...
2026-01-14T14:23:53.4840011Z #16 2.882 Selecting previously unselected package libunistring5:amd64.
2026-01-14T14:23:53.4840820Z #16 2.883 Preparing to unpack .../07-libunistring5_1.3-2_amd64.deb ...
2026-01-14T14:23:53.4841825Z #16 2.884 Unpacking libunistring5:amd64 (1.3-2) ...
2026-01-14T14:23:53.4842532Z #16 2.922 Selecting previously unselected package libidn2-0:amd64.
2026-01-14T14:23:53.4843305Z #16 2.923 Preparing to unpack .../08-libidn2-0_2.3.8-2_amd64.deb ...
2026-01-14T14:23:53.4843987Z #16 2.924 Unpacking libidn2-0:amd64 (2.3.8-2) ...
2026-01-14T14:23:53.4844858Z #16 2.941 Selecting previously unselected package libsasl2-modules-db:amd64.
2026-01-14T14:23:53.5937230Z #16 2.942 Preparing to unpack .../09-libsasl2-modules-db_2.1.28+dfsg1-9_amd64.deb ...
2026-01-14T14:23:53.5940391Z #16 2.944 Unpacking libsasl2-modules-db:amd64 (2.1.28+dfsg1-9) ...
2026-01-14T14:23:53.5941259Z #16 2.956 Selecting previously unselected package libsasl2-2:amd64.
2026-01-14T14:23:53.5942138Z #16 2.957 Preparing to unpack .../10-libsasl2-2_2.1.28+dfsg1-9_amd64.deb ...
2026-01-14T14:23:53.5942930Z #16 2.958 Unpacking libsasl2-2:amd64 (2.1.28+dfsg1-9) ...
2026-01-14T14:23:53.5943669Z #16 2.973 Selecting previously unselected package libldap2:amd64.
2026-01-14T14:23:53.5944548Z #16 2.974 Preparing to unpack .../11-libldap2_2.6.10+dfsg-1_amd64.deb ...
2026-01-14T14:23:53.5945385Z #16 2.975 Unpacking libldap2:amd64 (2.6.10+dfsg-1) ...
2026-01-14T14:23:53.5946284Z #16 2.995 Selecting previously unselected package libnghttp2-14:amd64.
2026-01-14T14:23:53.5947321Z #16 2.996 Preparing to unpack .../12-libnghttp2-14_1.64.0-1.1_amd64.deb ...
2026-01-14T14:23:53.5948269Z #16 2.997 Unpacking libnghttp2-14:amd64 (1.64.0-1.1) ...
2026-01-14T14:23:53.5952627Z #16 3.016 Selecting previously unselected package libnghttp3-9:amd64.
2026-01-14T14:23:53.5953430Z #16 3.018 Preparing to unpack .../13-libnghttp3-9_1.8.0-1_amd64.deb ...
2026-01-14T14:23:53.5953857Z #16 3.018 Unpacking libnghttp3-9:amd64 (1.8.0-1) ...
2026-01-14T14:23:53.5954363Z #16 3.034 Selecting previously unselected package libpsl5t64:amd64.
2026-01-14T14:23:53.5954876Z #16 3.035 Preparing to unpack .../14-libpsl5t64_0.21.2-1.1+b1_amd64.deb ...
2026-01-14T14:23:53.5955857Z #16 3.036 Unpacking libpsl5t64:amd64 (0.21.2-1.1+b1) ...
2026-01-14T14:23:53.5956273Z #16 3.051 Selecting previously unselected package libffi8:amd64.
2026-01-14T14:23:53.7141195Z #16 3.053 Preparing to unpack .../15-libffi8_3.4.8-2_amd64.deb ...
2026-01-14T14:23:53.7143300Z #16 3.055 Unpacking libffi8:amd64 (3.4.8-2) ...
2026-01-14T14:23:53.7143886Z #16 3.068 Selecting previously unselected package libp11-kit0:amd64.
2026-01-14T14:23:53.7144598Z #16 3.069 Preparing to unpack .../16-libp11-kit0_0.25.5-3_amd64.deb ...
2026-01-14T14:23:53.7145182Z #16 3.071 Unpacking libp11-kit0:amd64 (0.25.5-3) ...
2026-01-14T14:23:53.7145749Z #16 3.100 Selecting previously unselected package libtasn1-6:amd64.
2026-01-14T14:23:53.7146413Z #16 3.101 Preparing to unpack .../17-libtasn1-6_4.20.0-2_amd64.deb ...
2026-01-14T14:23:53.7146988Z #16 3.102 Unpacking libtasn1-6:amd64 (4.20.0-2) ...
2026-01-14T14:23:53.7147569Z #16 3.117 Selecting previously unselected package libgnutls30t64:amd64.
2026-01-14T14:23:53.7148295Z #16 3.118 Preparing to unpack .../18-libgnutls30t64_3.8.9-3+deb13u1_amd64.deb ...
2026-01-14T14:23:53.7149488Z #16 3.119 Unpacking libgnutls30t64:amd64 (3.8.9-3+deb13u1) ...
2026-01-14T14:23:53.7150249Z #16 3.171 Selecting previously unselected package librtmp1:amd64.
2026-01-14T14:23:53.8148751Z #16 3.173 Preparing to unpack .../19-librtmp1_2.4+20151223.gitfa8646d.1-2+b5_amd64.deb ...
2026-01-14T14:23:53.8150404Z #16 3.174 Unpacking librtmp1:amd64 (2.4+20151223.gitfa8646d.1-2+b5) ...
2026-01-14T14:23:53.8151856Z #16 3.189 Selecting previously unselected package libssh2-1t64:amd64.
2026-01-14T14:23:53.8153394Z #16 3.190 Preparing to unpack .../20-libssh2-1t64_1.11.1-1_amd64.deb ...
2026-01-14T14:23:53.8154076Z #16 3.191 Unpacking libssh2-1t64:amd64 (1.11.1-1) ...
2026-01-14T14:23:53.8154736Z #16 3.210 Selecting previously unselected package libcurl4t64:amd64.
2026-01-14T14:23:53.8155534Z #16 3.211 Preparing to unpack .../21-libcurl4t64_8.14.1-2+deb13u2_amd64.deb ...
2026-01-14T14:23:53.8156681Z #16 3.212 Unpacking libcurl4t64:amd64 (8.14.1-2+deb13u2) ...
2026-01-14T14:23:53.8157376Z #16 3.240 Selecting previously unselected package curl.
2026-01-14T14:23:53.8157798Z #16 3.241 Preparing to unpack .../22-curl_8.14.1-2+deb13u2_amd64.deb ...
2026-01-14T14:23:53.8158635Z #16 3.242 Unpacking curl (8.14.1-2+deb13u2) ...
2026-01-14T14:23:53.8159449Z #16 3.270 Setting up libkeyutils1:amd64 (1.6.3-6) ...
2026-01-14T14:23:53.8160061Z #16 3.272 Setting up libbrotli1:amd64 (1.1.0-2+b7) ...
2026-01-14T14:23:53.9212888Z #16 3.275 Setting up libnghttp2-14:amd64 (1.64.0-1.1) ...
2026-01-14T14:23:53.9213577Z #16 3.278 Setting up libcom-err2:amd64 (1.47.2-3+b7) ...
2026-01-14T14:23:53.9214131Z #16 3.280 Setting up libkrb5support0:amd64 (1.21.3-5) ...
2026-01-14T14:23:53.9214793Z #16 3.282 Setting up libsasl2-modules-db:amd64 (2.1.28+dfsg1-9) ...
2026-01-14T14:23:53.9215450Z #16 3.284 Setting up libunistring5:amd64 (1.3-2) ...
2026-01-14T14:23:53.9216051Z #16 3.287 Setting up libk5crypto3:amd64 (1.21.3-5) ...
2026-01-14T14:23:53.9216653Z #16 3.289 Setting up libsasl2-2:amd64 (2.1.28+dfsg1-9) ...
2026-01-14T14:23:53.9217231Z #16 3.291 Setting up libnghttp3-9:amd64 (1.8.0-1) ...
2026-01-14T14:23:53.9217761Z #16 3.293 Setting up libffi8:amd64 (3.4.8-2) ...
2026-01-14T14:23:53.9218252Z #16 3.296 Setting up libtasn1-6:amd64 (4.20.0-2) ...
2026-01-14T14:23:53.9218800Z #16 3.298 Setting up libkrb5-3:amd64 (1.21.3-5) ...
2026-01-14T14:23:53.9221530Z #16 3.300 Setting up libssh2-1t64:amd64 (1.11.1-1) ...
2026-01-14T14:23:53.9222352Z #16 3.302 Setting up libldap2:amd64 (2.6.10+dfsg-1) ...
2026-01-14T14:23:53.9223033Z #16 3.305 Setting up libidn2-0:amd64 (2.3.8-2) ...
2026-01-14T14:23:53.9223685Z #16 3.307 Setting up libp11-kit0:amd64 (0.25.5-3) ...
2026-01-14T14:23:53.9224370Z #16 3.309 Setting up libgssapi-krb5-2:amd64 (1.21.3-5) ...
2026-01-14T14:23:53.9225104Z #16 3.313 Setting up libgnutls30t64:amd64 (3.8.9-3+deb13u1) ...
2026-01-14T14:23:53.9225680Z #16 3.315 Setting up libpsl5t64:amd64 (0.21.2-1.1+b1) ...
2026-01-14T14:23:53.9227988Z #16 3.317 Setting up librtmp1:amd64 (2.4+20151223.gitfa8646d.1-2+b5) ...
2026-01-14T14:23:53.9229025Z #16 3.320 Setting up libcurl4t64:amd64 (8.14.1-2+deb13u2) ...
2026-01-14T14:23:53.9229863Z #16 3.322 Setting up curl (8.14.1-2+deb13u2) ...
2026-01-14T14:23:53.9231013Z #16 3.325 Processing triggers for libc-bin (2.41-12+deb13u1) ...
2026-01-14T14:23:53.9231870Z #16 DONE 3.4s
2026-01-14T14:23:54.0733267Z 
2026-01-14T14:23:54.0733714Z #17 exporting to image
2026-01-14T14:23:54.0734140Z #17 exporting layers
2026-01-14T14:23:54.8700744Z #17 exporting layers 0.9s done
2026-01-14T14:23:54.8876268Z #17 writing image sha256:648ffa44f0fc7d716a62eafe43f4f1a0e8abb76d9d78981ae212bcf50215d77c done
2026-01-14T14:23:54.8882821Z #17 naming to europe-west4-docker.pkg.dev/bonkbotbeta/trenchbench-api/server:a9250cd0646c255c982d4144a039703d6d5277cc done
2026-01-14T14:23:54.8883863Z #17 DONE 1.0s
2026-01-14T14:23:55.4572945Z ERROR: (gcloud.auth.docker-helper) There was a problem refreshing your current auth tokens: ('Unable to acquire impersonated credentials', '{\n  "error": {\n    "code": 403,\n    "message": "Permission \'iam.serviceAccounts.getAccessToken\' denied on resource (or it may not exist).",\n    "status": "PERMISSION_DENIED",\n    "details": [\n      {\n        "@type": "type.googleapis.com/google.rpc.ErrorInfo",\n        "reason": "IAM_PERMISSION_DENIED",\n        "domain": "iam.googleapis.com",\n        "metadata": {\n          "permission": "iam.serviceAccounts.getAccessToken"\n        }\n      }\n    ]\n  }\n}\n')
2026-01-14T14:23:55.4577671Z Please run:
2026-01-14T14:23:55.4577862Z 
2026-01-14T14:23:55.4577993Z   $ gcloud auth login
2026-01-14T14:23:55.4578205Z 
2026-01-14T14:23:55.4578341Z to obtain new credentials.
2026-01-14T14:23:55.4578592Z 
2026-01-14T14:23:55.4578835Z If you have already logged in with a different account, run:
2026-01-14T14:23:55.4579417Z 
2026-01-14T14:23:55.4579575Z   $ gcloud config set account ACCOUNT
2026-01-14T14:23:55.4579865Z 
2026-01-14T14:23:55.4580068Z to select an already authenticated account to use.
2026-01-14T14:23:55.5142682Z The push refers to repository [europe-west4-docker.pkg.dev/bonkbotbeta/trenchbench-api/server]
2026-01-14T14:23:56.0534726Z 640dc3fc3280: Preparing
2026-01-14T14:23:56.0536835Z a633f805f962: Preparing
2026-01-14T14:23:56.0539660Z eeb87ffc1c60: Preparing
2026-01-14T14:23:56.0540066Z b68388253728: Preparing
2026-01-14T14:23:56.0540406Z 91a4fdc93885: Preparing
2026-01-14T14:23:56.0540811Z 4cae49ccb31c: Preparing
2026-01-14T14:23:56.0541139Z 9a4335f504eb: Preparing
2026-01-14T14:23:56.0541454Z 71698d2bc57d: Preparing
2026-01-14T14:23:56.0541769Z 06604cfc2f4d: Preparing
2026-01-14T14:23:56.0542084Z dcdb0894afdf: Preparing
2026-01-14T14:23:56.0542419Z e50a58335e13: Preparing
2026-01-14T14:23:56.0542675Z 9a4335f504eb: Waiting
2026-01-14T14:23:56.0542859Z 71698d2bc57d: Waiting
2026-01-14T14:23:56.0543046Z 06604cfc2f4d: Waiting
2026-01-14T14:23:56.0543233Z dcdb0894afdf: Waiting
2026-01-14T14:23:56.0543408Z e50a58335e13: Waiting
2026-01-14T14:23:56.0543585Z 4cae49ccb31c: Waiting
2026-01-14T14:23:57.9341478Z denied: Unauthenticated request. Unauthenticated requests do not have permission "artifactregistry.repositories.uploadArtifacts" on resource "projects/bonkbotbeta/locations/europe-west4/repositories/trenchbench-api" (or it may not exist)
2026-01-14T14:23:57.9371837Z ##[error]Process completed with exit code 1.
2026-01-14T14:23:57.9471239Z Post job cleanup.
2026-01-14T14:23:58.0290516Z Removed exported credentials at "/home/runner/work/trenchbench-api/trenchbench-api/gha-creds-903e6642737354c1.json".
2026-01-14T14:23:58.0382990Z Post job cleanup.
2026-01-14T14:23:58.3082401Z ##[group]Removing builder
2026-01-14T14:23:58.4390221Z [command]/usr/bin/docker buildx rm builder-1c6f2afe-61a5-4a90-b6e8-ffbb35311f65
2026-01-14T14:23:58.5906866Z builder-1c6f2afe-61a5-4a90-b6e8-ffbb35311f65 removed
2026-01-14T14:23:58.5967358Z ##[endgroup]
2026-01-14T14:23:58.5969727Z ##[group]Cleaning up certificates
2026-01-14T14:23:58.5976548Z ##[endgroup]
2026-01-14T14:23:58.5977815Z ##[group]Post cache
2026-01-14T14:23:58.5980537Z State not set
2026-01-14T14:23:58.5981430Z ##[endgroup]
2026-01-14T14:23:58.6141297Z Post job cleanup.
2026-01-14T14:23:58.7097241Z [command]/usr/bin/git version
2026-01-14T14:23:58.7140449Z git version 2.52.0
2026-01-14T14:23:58.7195067Z Temporarily overriding HOME='/home/runner/work/_temp/898edbce-c7d2-4a8a-817f-9ea72586225b' before making global git config changes
2026-01-14T14:23:58.7197439Z Adding repository directory to the temporary git global config as a safe directory
2026-01-14T14:23:58.7203290Z [command]/usr/bin/git config --global --add safe.directory /home/runner/work/trenchbench-api/trenchbench-api
2026-01-14T14:23:58.7247853Z [command]/usr/bin/git config --local --name-only --get-regexp core\.sshCommand
2026-01-14T14:23:58.7286459Z [command]/usr/bin/git submodule foreach --recursive sh -c "git config --local --name-only --get-regexp 'core\.sshCommand' && git config --local --unset-all 'core.sshCommand' || :"
2026-01-14T14:23:58.7536547Z [command]/usr/bin/git config --local --name-only --get-regexp http\.https\:\/\/github\.com\/\.extraheader
2026-01-14T14:23:58.7561309Z http.https://github.com/.extraheader
2026-01-14T14:23:58.7581235Z [command]/usr/bin/git config --local --unset-all http.https://github.com/.extraheader
2026-01-14T14:23:58.7613088Z [command]/usr/bin/git submodule foreach --recursive sh -c "git config --local --name-only --get-regexp 'http\.https\:\/\/github\.com\/\.extraheader' && git config --local --unset-all 'http.https://github.com/.extraheader' || :"
2026-01-14T14:23:58.7858439Z [command]/usr/bin/git config --local --name-only --get-regexp ^includeIf\.gitdir:
2026-01-14T14:23:58.7894369Z [command]/usr/bin/git submodule foreach --recursive git config --local --show-origin --name-only --get-regexp remote.origin.url
2026-01-14T14:23:58.8241729Z Cleaning up orphan processes
